// Jest Snapshot v1, https://goo.gl/fbAQLP

exports[`LanguageChangeModal Component matches the tree 1`] = `null`;
