// Jest Snapshot v1, https://goo.gl/fbAQLP

exports[`AuthProvider renders correctly 1`] = `null`;
