// Jest Snapshot v1, https://goo.gl/fbAQLP

exports[`Register Component matches the tree 1`] = `
<form
  noValidate={true}
  onSubmit={[Function]}
>
  <div
    className="loginContainer"
  >
    <div
      className="loginContainer__loginTitle"
    >
      register.create
    </div>
    <div
      className="loginContainer__loginDialog"
    >
      <div
        className="loginContainer__loginDialog__inputLabel"
      >
        register.name
      </div>
      <div
        className="loginContainer__loginDialog__input"
      >
        <input
          className="ant-input"
          onBlur={[Function]}
          onChange={[Function]}
          onFocus={[Function]}
          onKeyDown={[Function]}
          type="text"
          value=""
        />
      </div>
      <div
        className="loginContainer__loginDialog__inputLabel"
      >
        register.enterAge
      </div>
      <div
        className="loginContainer__loginDialog__input"
      >
        <input
          className="ant-input"
          onBlur={[Function]}
          onChange={[Function]}
          onFocus={[Function]}
          onKeyDown={[Function]}
          type="number"
          value=""
        />
      </div>
      <div
        className="loginContainer__loginDialog__inputLabel"
      >
        register.email
      </div>
      <div
        className="loginContainer__loginDialog__input"
      >
        <input
          className="ant-input"
          onBlur={[Function]}
          onChange={[Function]}
          onFocus={[Function]}
          onKeyDown={[Function]}
          type="text"
          value=""
        />
      </div>
      <div
        className="loginContainer__loginDialog__inputLabel"
      >
        register.password
      </div>
      <div
        className="loginContainer__loginDialog__input"
      >
        <input
          className="ant-input"
          onBlur={[Function]}
          onChange={[Function]}
          onFocus={[Function]}
          onKeyDown={[Function]}
          type="password"
          value=""
        />
      </div>
      <div
        className="loginContainer__loginDialog__input"
      >
        <label
          className="ant-checkbox-wrapper"
        >
          <span
            className="ant-checkbox"
            style={Object {}}
          >
            <input
              checked={false}
              className="ant-checkbox-input"
              onBlur={[Function]}
              onChange={[Function]}
              onFocus={[Function]}
              type="checkbox"
            />
            <span
              className="ant-checkbox-inner"
            />
          </span>
          <span>
            register.iAgreeTo
            <button
              className="ant-btn ant-btn-link"
              onClick={[Function]}
              type="button"
            >
              <ul>
                <li>
                  r
                </li>
                <li>
                  e
                </li>
                <li>
                  g
                </li>
                <li>
                  i
                </li>
                <li>
                  s
                </li>
                <li>
                  t
                </li>
                <li>
                  e
                </li>
                <li>
                  r
                </li>
                <li>
                  .
                </li>
                <li>
                  t
                </li>
                <li>
                  e
                </li>
                <li>
                  r
                </li>
                <li>
                  m
                </li>
                <li>
                  s
                </li>
              </ul>
            </button>
          </span>
        </label>
      </div>
      <button
        className="loginContainer__loginDialog__submitButton"
        type="submit"
      >
        register.createAccount
      </button>
      <div
        className="loginContainer__loginDialog__registerLabel"
      >
        register.alreadyAMember
      </div>
      <button
        className="loginContainer__loginDialog__registerButton"
        type="button"
      >
        register.login
      </button>
      <div
        className="loginContainer__loginDialog__loginOptionsTitle"
      >
        register.orYouCan
      </div>
      <button
        className="loginContainer__loginDialog__facebookLoginBtn"
        type="button"
      >
        register.withFacebook
      </button>
      <button
        className="loginContainer__loginDialog__googleLoginBtn"
        type="button"
      >
        register.withGoogle
      </button>
    </div>
  </div>
</form>
`;
