// Jest Snapshot v1, https://goo.gl/fbAQLP

exports[`ContactUsForm snapshot test 1`] = `
<div
  className="contactUsFormContainer"
>
  <form
    onSubmit={[Function]}
  >
    <div
      className="ant-col"
      style={Object {}}
    >
      <div
        className="contactUsForm__postSubmissionMessage"
        style={
          Object {
            "visibility": "hidden",
          }
        }
      >
        <strong>
          contact.contactUsForm.postSubmissionMessage
        </strong>
      </div>
      <div
        className="ant-col"
        style={Object {}}
      >
        <label
          className="contactUsForm__label"
        >
          contact.contactUsForm.name
        </label>
      </div>
      <div
        className="ant-col"
        style={Object {}}
      >
        <input
          className="contactUsForm__input"
          name="name"
          onChange={[Function]}
          required={true}
          type="text"
          value=""
        />
      </div>
    </div>
    <div
      className="ant-col"
      style={Object {}}
    >
      <div
        className="ant-col"
        style={Object {}}
      >
        <label
          className="contactUsForm__label"
        >
          contact.contactUsForm.email
        </label>
      </div>
      <div
        className="ant-col"
        style={Object {}}
      >
        <input
          className="contactUsForm__input"
          name="email"
          onChange={[Function]}
          required={true}
          type="email"
          value=""
        />
      </div>
    </div>
    <div
      className="ant-col"
      style={Object {}}
    >
      <div
        className="ant-col"
        style={Object {}}
      >
        <label
          className="contactUsForm__label"
        >
          contact.contactUsForm.message
        </label>
      </div>
      <div
        className="ant-col"
        style={Object {}}
      >
        <textarea
          className="contactUsForm__textarea"
          name="message"
          onChange={[Function]}
          required={true}
          value=""
        />
      </div>
    </div>
    <div
      className="ant-row"
      style={Object {}}
    >
      <div
        className="contactUsForm__submit"
      >
        <button
          className="contactUsForm__submitButton"
          type="submit"
        >
          contact.contactUsForm.send
          <svg
            fill="currentColor"
            height="1em"
            stroke="currentColor"
            strokeWidth="0"
            style={
              Object {
                "color": undefined,
              }
            }
            viewBox="0 0 24 24"
            width="1em"
            xmlns="http://www.w3.org/2000/svg"
          >
            <g>
              <path
                d="M0 0h24v24H0z"
                fill="none"
              />
              <path
                d="M1.946 9.315c-.522-.174-.527-.455.01-.634l19.087-6.362c.529-.176.832.12.684.638l-5.454 19.086c-.15.529-.455.547-.679.045L12 14l6-8-8 6-8.054-2.685z"
              />
            </g>
          </svg>
        </button>
      </div>
    </div>
  </form>
</div>
`;
