// Jest Snapshot v1, https://goo.gl/fbAQLP

exports[`Home renders correctly 1`] = `
Array [
  <div
    className="navbar"
  >
    <div
      className="ant-row ant-row-space-around navbar__topHalf"
      style={
        Object {
          "marginLeft": -6,
          "marginRight": -6,
        }
      }
    >
      <div
        className="ant-col navbar__elements"
        style={
          Object {
            "flex": "2 2 auto",
            "paddingLeft": 6,
            "paddingRight": 6,
          }
        }
      >
        <div
          className="ant-col"
          style={
            Object {
              "paddingLeft": 6,
              "paddingRight": 6,
            }
          }
        >
          <button
            className="ant-dropdown-trigger navbar__dropdown-btn navbar__dropdown"
            onMouseEnter={[Function]}
            onMouseLeave={[Function]}
          >
            <span
              aria-label="menu"
              className="anticon anticon-menu"
              role="img"
            >
              <svg
                aria-hidden="true"
                className=""
                data-icon="menu"
                fill="currentColor"
                focusable="false"
                height="1em"
                viewBox="64 64 896 896"
                width="1em"
              >
                <path
                  d="M904 160H120c-4.4 0-8 3.6-8 8v64c0 4.4 3.6 8 8 8h784c4.4 0 8-3.6 8-8v-64c0-4.4-3.6-8-8-8zm0 624H120c-4.4 0-8 3.6-8 8v64c0 4.4 3.6 8 8 8h784c4.4 0 8-3.6 8-8v-64c0-4.4-3.6-8-8-8zm0-312H120c-4.4 0-8 3.6-8 8v64c0 4.4 3.6 8 8 8h784c4.4 0 8-3.6 8-8v-64c0-4.4-3.6-8-8-8z"
                />
              </svg>
            </span>
          </button>
        </div>
        <div
          className="ant-col"
          style={
            Object {
              "paddingLeft": 6,
              "paddingRight": 6,
            }
          }
        >
          <li>
            <a
              className="navbar__element navbar__element-current"
              href="/"
              onClick={[Function]}
            >
              navbar.home
            </a>
          </li>
        </div>
        <div
          className="ant-col"
          style={
            Object {
              "paddingLeft": 6,
              "paddingRight": 6,
            }
          }
        >
          <li>
            <a
              className="navbar__element"
              href="/about"
              onClick={[Function]}
            >
              navbar.about
            </a>
          </li>
        </div>
        <div
          className="ant-col"
          style={
            Object {
              "paddingLeft": 6,
              "paddingRight": 6,
            }
          }
        >
          <li>
            <a
              className="navbar__element"
              href="/games"
              onClick={[Function]}
            >
              navbar.games
            </a>
          </li>
        </div>
      </div>
      <div
        className="ant-col ant-col-4"
        style={
          Object {
            "flex": "2 2 auto",
            "paddingLeft": 6,
            "paddingRight": 6,
          }
        }
      >
        <a
          className="navbar__title"
          href="/"
          onClick={[Function]}
        >
          Juniper
        </a>
      </div>
      <div
        className="ant-col navbar__elements"
        style={
          Object {
            "flex": "2 2 auto",
            "paddingLeft": 6,
            "paddingRight": 6,
          }
        }
      >
        <div
          className="ant-col"
          style={
            Object {
              "paddingLeft": 6,
              "paddingRight": 6,
            }
          }
        >
          <li>
            <a
              className="navbar__element"
              href="/resources"
              onClick={[Function]}
            >
              navbar.resources
            </a>
          </li>
        </div>
        <div
          className="ant-col"
          style={
            Object {
              "paddingLeft": 6,
              "paddingRight": 6,
            }
          }
        >
          <li>
            <a
              className="navbar__element"
              href="/contact"
              onClick={[Function]}
            >
              navbar.contact
            </a>
          </li>
        </div>
        <div
          className="ant-col"
          style={
            Object {
              "paddingLeft": 6,
              "paddingRight": 6,
            }
          }
        >
          <li>
            <a
              className="navbar__element"
              href="/login"
              onClick={[Function]}
            >
              navbar.login
            </a>
          </li>
        </div>
        <div
          className="ant-col"
          style={
            Object {
              "paddingLeft": 6,
              "paddingRight": 6,
            }
          }
        >
          <span
            aria-label="global"
            className="anticon anticon-global ant-dropdown-trigger navbar__languageContainer"
            onMouseEnter={[Function]}
            onMouseLeave={[Function]}
            role="img"
          >
            <svg
              aria-hidden="true"
              className=""
              data-icon="global"
              fill="currentColor"
              focusable="false"
              height="1em"
              viewBox="64 64 896 896"
              width="1em"
            >
              <path
                d="M854.4 800.9c.2-.3.5-.6.7-.9C920.6 722.1 960 621.7 960 512s-39.4-210.1-104.8-288c-.2-.3-.5-.5-.7-.8-1.1-1.3-2.1-2.5-3.2-3.7-.4-.5-.8-.9-1.2-1.4l-4.1-4.7-.1-.1c-1.5-1.7-3.1-3.4-4.6-5.1l-.1-.1c-3.2-3.4-6.4-6.8-9.7-10.1l-.1-.1-4.8-4.8-.3-.3c-1.5-1.5-3-2.9-4.5-4.3-.5-.5-1-1-1.6-1.5-1-1-2-1.9-3-2.8-.3-.3-.7-.6-1-1C736.4 109.2 629.5 64 512 64s-224.4 45.2-304.3 119.2c-.3.3-.7.6-1 1-1 .9-2 1.9-3 2.9-.5.5-1 1-1.6 1.5-1.5 1.4-3 2.9-4.5 4.3l-.3.3-4.8 4.8-.1.1c-3.3 3.3-6.5 6.7-9.7 10.1l-.1.1c-1.6 1.7-3.1 3.4-4.6 5.1l-.1.1c-1.4 1.5-2.8 3.1-4.1 4.7-.4.5-.8.9-1.2 1.4-1.1 1.2-2.1 2.5-3.2 3.7-.2.3-.5.5-.7.8C103.4 301.9 64 402.3 64 512s39.4 210.1 104.8 288c.2.3.5.6.7.9l3.1 3.7c.4.5.8.9 1.2 1.4l4.1 4.7c0 .1.1.1.1.2 1.5 1.7 3 3.4 4.6 5l.1.1c3.2 3.4 6.4 6.8 9.6 10.1l.1.1c1.6 1.6 3.1 3.2 4.7 4.7l.3.3c3.3 3.3 6.7 6.5 10.1 9.6 80.1 74 187 119.2 304.5 119.2s224.4-45.2 304.3-119.2a300 300 0 0010-9.6l.3-.3c1.6-1.6 3.2-3.1 4.7-4.7l.1-.1c3.3-3.3 6.5-6.7 9.6-10.1l.1-.1c1.5-1.7 3.1-3.3 4.6-5 0-.1.1-.1.1-.2 1.4-1.5 2.8-3.1 4.1-4.7.4-.5.8-.9 1.2-1.4a99 99 0 003.3-3.7zm4.1-142.6c-13.8 32.6-32 62.8-54.2 90.2a444.07 444.07 0 00-81.5-55.9c11.6-46.9 18.8-98.4 20.7-152.6H887c-3 40.9-12.6 80.6-28.5 118.3zM887 484H743.5c-1.9-54.2-9.1-105.7-20.7-152.6 29.3-15.6 56.6-34.4 81.5-55.9A373.86 373.86 0 01887 484zM658.3 165.5c39.7 16.8 75.8 40 107.6 69.2a394.72 394.72 0 01-59.4 41.8c-15.7-45-35.8-84.1-59.2-115.4 3.7 1.4 7.4 2.9 11 4.4zm-90.6 700.6c-9.2 7.2-18.4 12.7-27.7 16.4V697a389.1 389.1 0 01115.7 26.2c-8.3 24.6-17.9 47.3-29 67.8-17.4 32.4-37.8 58.3-59 75.1zm59-633.1c11 20.6 20.7 43.3 29 67.8A389.1 389.1 0 01540 327V141.6c9.2 3.7 18.5 9.1 27.7 16.4 21.2 16.7 41.6 42.6 59 75zM540 640.9V540h147.5c-1.6 44.2-7.1 87.1-16.3 127.8l-.3 1.2A445.02 445.02 0 00540 640.9zm0-156.9V383.1c45.8-2.8 89.8-12.5 130.9-28.1l.3 1.2c9.2 40.7 14.7 83.5 16.3 127.8H540zm-56 56v100.9c-45.8 2.8-89.8 12.5-130.9 28.1l-.3-1.2c-9.2-40.7-14.7-83.5-16.3-127.8H484zm-147.5-56c1.6-44.2 7.1-87.1 16.3-127.8l.3-1.2c41.1 15.6 85 25.3 130.9 28.1V484H336.5zM484 697v185.4c-9.2-3.7-18.5-9.1-27.7-16.4-21.2-16.7-41.7-42.7-59.1-75.1-11-20.6-20.7-43.3-29-67.8 37.2-14.6 75.9-23.3 115.8-26.1zm0-370a389.1 389.1 0 01-115.7-26.2c8.3-24.6 17.9-47.3 29-67.8 17.4-32.4 37.8-58.4 59.1-75.1 9.2-7.2 18.4-12.7 27.7-16.4V327zM365.7 165.5c3.7-1.5 7.3-3 11-4.4-23.4 31.3-43.5 70.4-59.2 115.4-21-12-40.9-26-59.4-41.8 31.8-29.2 67.9-52.4 107.6-69.2zM165.5 365.7c13.8-32.6 32-62.8 54.2-90.2 24.9 21.5 52.2 40.3 81.5 55.9-11.6 46.9-18.8 98.4-20.7 152.6H137c3-40.9 12.6-80.6 28.5-118.3zM137 540h143.5c1.9 54.2 9.1 105.7 20.7 152.6a444.07 444.07 0 00-81.5 55.9A373.86 373.86 0 01137 540zm228.7 318.5c-39.7-16.8-75.8-40-107.6-69.2 18.5-15.8 38.4-29.7 59.4-41.8 15.7 45 35.8 84.1 59.2 115.4-3.7-1.4-7.4-2.9-11-4.4zm292.6 0c-3.7 1.5-7.3 3-11 4.4 23.4-31.3 43.5-70.4 59.2-115.4 21 12 40.9 26 59.4 41.8a373.81 373.81 0 01-107.6 69.2z"
              />
            </svg>
          </span>
        </div>
      </div>
    </div>
    <div
      className="ant-row navbar__bottomHalf"
      style={Object {}}
    >
      <div
        className="navbar__helperDiv"
      />
      <div />
    </div>
    <a
      className="navbar__logo-rtlLink navbar__logo-link"
      href="/"
      onClick={[Function]}
    >
      <img
        alt="juniper-logo"
        className="navbar__logo"
        src="logo.svg"
      />
    </a>
  </div>,
  <div
    className="bottomCurveContainer"
  >
    <div
      className="bottomCurveContainer__bottomCurve"
    >
      <div
        className="bottomCurveContainer__bottomCurve__topHalf"
      />
      <div
        className="bottomCurveContainer__bottomCurve__bottomHalf"
      />
    </div>
  </div>,
  <div
    className="ant-row ant-row-center spreadTheWord"
    style={Object {}}
  >
    <div
      className="ant-col ant-col-xs-16 ant-col-sm-14 ant-col-lg-12"
      style={Object {}}
    >
      <a
        href="https://www.twitter.com"
        rel="noopener noreferrer"
        target="_blank"
      >
        <button
          className="spreadTheWord__button"
          type="button"
        >
          <span
            aria-label="twitter-circle"
            className="anticon anticon-twitter-circle twitterIcon"
            role="img"
          >
            <svg
              aria-hidden="true"
              className=""
              data-icon="twitter-circle"
              fill="currentColor"
              focusable="false"
              height="1em"
              viewBox="64 64 896 896"
              width="1em"
            >
              <path
                d="M512 64C264.6 64 64 264.6 64 512s200.6 448 448 448 448-200.6 448-448S759.4 64 512 64zm215.3 337.7c.3 4.7.3 9.6.3 14.4 0 146.8-111.8 315.9-316.1 315.9-63 0-121.4-18.3-170.6-49.8 9 1 17.6 1.4 26.8 1.4 52 0 99.8-17.6 137.9-47.4-48.8-1-89.8-33-103.8-77 17.1 2.5 32.5 2.5 50.1-2a111 111 0 01-88.9-109v-1.4c14.7 8.3 32 13.4 50.1 14.1a111.13 111.13 0 01-49.5-92.4c0-20.7 5.4-39.6 15.1-56a315.28 315.28 0 00229 116.1C492 353.1 548.4 292 616.2 292c32 0 60.8 13.4 81.1 35 25.1-4.7 49.1-14.1 70.5-26.7-8.3 25.7-25.7 47.4-48.8 61.1 22.4-2.4 44-8.6 64-17.3-15.1 22.2-34 41.9-55.7 57.6z"
              />
            </svg>
          </span>
          home.spreadTheWord
        </button>
      </a>
    </div>
  </div>,
  <div
    className="stayUpToDate"
  >
    <h1
      className="ant-typography"
      style={
        Object {
          "WebkitLineClamp": null,
        }
      }
    >
      <span
        className="stayUpToDate__title"
      >
        home.stayUpToDate
      </span>
    </h1>
    <div
      className="ant-row ant-row-center stayUpToDate__twitterContent"
      style={Object {}}
    >
      <div
        className="ant-col stayUpToDate__twitterContent__col ant-col-xs-24 ant-col-xl-12"
        style={Object {}}
      >
        <a
          rel="noopener noreferrer"
          target="_blank"
        >
          <img
            className="twitterContent__col__image"
          />
        </a>
      </div>
      <div
        className="ant-col stayUpToDate__twitterContent__col ant-col-xs-24 ant-col-xl-12"
        style={Object {}}
      >
        <a
          rel="noopener noreferrer"
          target="_blank"
        >
          <img
            className="twitterContent__col__image"
          />
        </a>
      </div>
      <div
        className="ant-col stayUpToDate__twitterContent__col ant-col-xs-24 ant-col-xl-12"
        style={Object {}}
      >
        <a
          rel="noopener noreferrer"
          target="_blank"
        >
          <img
            className="twitterContent__col__image"
          />
        </a>
      </div>
      <div
        className="ant-col stayUpToDate__twitterContent__col ant-col-xs-24 ant-col-xl-12"
        style={Object {}}
      >
        <a
          rel="noopener noreferrer"
          target="_blank"
        >
          <img
            className="twitterContent__col__image"
          />
        </a>
      </div>
      <div
        className="ant-col stayUpToDate__twitterContent__col ant-col-xs-24 ant-col-xl-12"
        style={Object {}}
      >
        <a
          rel="noopener noreferrer"
          target="_blank"
        >
          <img
            className="twitterContent__col__image"
          />
        </a>
      </div>
      <div
        className="ant-col stayUpToDate__twitterContent__col ant-col-xs-24 ant-col-xl-12"
        style={Object {}}
      >
        <a
          rel="noopener noreferrer"
          target="_blank"
        >
          <img
            className="twitterContent__col__image"
          />
        </a>
      </div>
      <div
        className="ant-col stayUpToDate__twitterContent__col ant-col-xs-24 ant-col-xl-12"
        style={Object {}}
      >
        <a
          rel="noopener noreferrer"
          target="_blank"
        >
          <img
            className="twitterContent__col__image"
          />
        </a>
      </div>
      <div
        className="ant-col stayUpToDate__twitterContent__col ant-col-xs-24 ant-col-xl-12"
        style={Object {}}
      >
        <a
          rel="noopener noreferrer"
          target="_blank"
        >
          <img
            className="twitterContent__col__image"
          />
        </a>
      </div>
      <div
        className="ant-col stayUpToDate__twitterContent__col ant-col-xs-24 ant-col-xl-12"
        style={Object {}}
      >
        <a
          rel="noopener noreferrer"
          target="_blank"
        >
          <img
            className="twitterContent__col__image"
          />
        </a>
      </div>
      <div
        className="ant-col stayUpToDate__twitterContent__col ant-col-xs-24 ant-col-xl-12"
        style={Object {}}
      >
        <a
          rel="noopener noreferrer"
          target="_blank"
        >
          <img
            className="twitterContent__col__image"
          />
        </a>
      </div>
      <div
        className="ant-col stayUpToDate__twitterContent__col ant-col-xs-24 ant-col-xl-12"
        style={Object {}}
      >
        <a
          rel="noopener noreferrer"
          target="_blank"
        >
          <img
            className="twitterContent__col__image"
          />
        </a>
      </div>
      <div
        className="ant-col stayUpToDate__twitterContent__col ant-col-xs-24 ant-col-xl-12"
        style={Object {}}
      >
        <a
          rel="noopener noreferrer"
          target="_blank"
        >
          <img
            className="twitterContent__col__image"
          />
        </a>
      </div>
      <div
        className="ant-col stayUpToDate__twitterContent__col ant-col-xs-24 ant-col-xl-12"
        style={Object {}}
      >
        <a
          rel="noopener noreferrer"
          target="_blank"
        >
          <img
            className="twitterContent__col__image"
          />
        </a>
      </div>
      <div
        className="ant-col stayUpToDate__twitterContent__col ant-col-xs-24 ant-col-xl-12"
        style={Object {}}
      >
        <a
          rel="noopener noreferrer"
          target="_blank"
        >
          <img
            className="twitterContent__col__image"
          />
        </a>
      </div>
      <div
        className="ant-col stayUpToDate__twitterContent__col ant-col-xs-24 ant-col-xl-12"
        style={Object {}}
      >
        <a
          rel="noopener noreferrer"
          target="_blank"
        >
          <img
            className="twitterContent__col__image"
          />
        </a>
      </div>
      <div
        className="ant-col stayUpToDate__twitterContent__col ant-col-xs-24 ant-col-xl-12"
        style={Object {}}
      >
        <a
          rel="noopener noreferrer"
          target="_blank"
        >
          <img
            className="twitterContent__col__image"
          />
        </a>
      </div>
      <div
        className="ant-col stayUpToDate__twitterContent__col ant-col-xs-24 ant-col-xl-12"
        style={Object {}}
      >
        <a
          rel="noopener noreferrer"
          target="_blank"
        >
          <img
            className="twitterContent__col__image"
          />
        </a>
      </div>
    </div>
  </div>,
]
`;
