// Jest Snapshot v1, https://goo.gl/fbAQLP

exports[`HomePageHeaderSection snapshot test 1`] = `
<div
  className="homePageHeaderContainer"
>
  <div
    className="ant-row ant-row-space-around ant-row-middle"
    style={Object {}}
  >
    <div
      className="ant-col ant-col-4"
      style={Object {}}
    >
      <img
        alt="children playing in the garden"
        className="homePageHeaderContainer__rightImg"
        src="family.png"
      />
    </div>
    <div
      className="ant-col ant-col-4 ant-col-offset-6"
      style={Object {}}
    >
      <div
        className="ant-row"
        style={Object {}}
      >
        <h2
          className="homePageHeaderContainer__title"
        >
          home.headerSection.mainText
        </h2>
        <br />
        <p
          className="homePageHeaderContainer__paragraph"
        >
          home.headerSection.secondaryText
        </p>
      </div>
      <div
        className="ant-row ant-row-center homePageHeaderContainer__button"
        style={Object {}}
      >
        <div
          className="ant-col"
          style={Object {}}
        >
          <a
            href="/games"
            onClick={[Function]}
          >
            <button
              className="homePageHeaderContainer__row"
            >
              home.headerSection.headerButton
            </button>
          </a>
        </div>
      </div>
    </div>
    <div
      className="ant-col ant-col-4 ant-col-offset-6"
      style={Object {}}
    >
      <img
        alt="children playing in the garden"
        className="homePageHeaderContainer__img"
        src="child.png"
      />
    </div>
  </div>
</div>
`;
