// Jest Snapshot v1, https://goo.gl/fbAQLP

exports[`MemoryGame renders correctly 1`] = `
<div
  className="memoryGameContainer"
/>
`;
