// Jest Snapshot v1, https://goo.gl/fbAQLP

exports[`Quiz Game snapshot test 1`] = `
<div
  className="quizWrapper"
>
  <h1
    className="quizWrapper__header"
  >
    Quiz Game
  </h1>
  <button
    className="quizWrapper__startGame"
    onClick={[Function]}
  >
    Start
  </button>
</div>
`;
